✘ [ERROR] Unterminated string literal

    src/app/components/dashboard/JobDetailPage.tsx:907:290:
      907 │ ...nt", color: T.t3, fontSize: 12, fontFamily: F.sans, cursor: "poi
          ╵                                                                    ^

node:child_process:955
    throw err;
    ^

Error: Command failed: /sessions/festive-brave-rubin/mnt/PlaceUp/frontend/node_modules/@esbuild/linux-x64/bin/esbuild src/app/components/dashboard/JobDetailPage.tsx --log-level=warning
    at genericNodeError (node:internal/errors:983:15)
    at wrappedFn (node:internal/errors:537:14)
    at checkExecSyncError (node:child_process:916:11)
    at Object.execFileSync (node:child_process:952:15)
    at Object.<anonymous> (/sessions/festive-brave-rubin/mnt/PlaceUp/frontend/node_modules/esbuild/bin/esbuild:222:28)
    at Module._compile (node:internal/modules/cjs/loader:1781:14)
    at Object..js (node:internal/modules/cjs/loader:1913:10)
    at Module.load (node:internal/modules/cjs/loader:1505:32)
    at Function._load (node:internal/modules/cjs/loader:1309:12)
    at wrapModuleLoad (node:internal/modules/cjs/loader:254:19) {
  status: 1,
  signal: null,
  output: [ null, null, null ],
  pid: 19,
  stdout: null,
  stderr: null
}

Node.js v22.22.3
